// Jest Snapshot v1, https://goo.gl/fbAQLP

exports[`importDate: should import all events for a given date 1`] = `
Array [
  Object {
    "date": "2021-08-02",
    "filter_limit": 500,
    "filter_offset": 0,
    "filter_sort_order": "asc",
    "idSite": 0,
    "method": "Live.getLastVisitsDetails",
    "period": "day",
  },
]
`;

exports[`importDate: should import all events for a given date 2`] = `
Array [
  Array [
    "SELECT COUNT(distinct idvisit) FROM matomo WHERE action_timestamp::date='2021-08-02';",
  ],
  Array [
    "insert into matomo
        (idsite, idvisit, actions, country, region, city, operatingsystemname, devicemodel, devicebrand, visitduration, dayssincefirstvisit, visitortype, sitename, userid, serverdateprettyfirstaction, action_id, action_type, action_title, action_eventcategory, action_eventaction, action_eventname, action_eventvalue, action_timespent, action_timestamp, action_url, siteSearchKeyword, usercustomproperties, usercustomdimensions)
        values ($1, $2, $3, $4, $5, $6, $7, $8, $9, $10, $11, $12, $13, $14, $15, $16, $17, $18, $19, $20, $21, $22, $23, $24, $25, $26, $27, $28)
        ON CONFLICT DO NOTHING",
    Array [
      "42",
      123,
      "2",
      "Argentine",
      "Buenos Aires",
      "Buenos Aires",
      "Mac",
      "Générique Bureau",
      "Inconnu",
      "300",
      "23",
      "returningCustomer",
      "tests",
      "24",
      "2021-08-20T21:55:12.000Z",
      "123_0",
      "event",
      "Evènement",
      "Ecommerce",
      "Cart change",
      "added - Basic Wetsuit",
      1,
      48,
      "2021-08-20T21:35:18.000Z",
      "https://dive-shop.net/products/basic-wetsuit/",
      undefined,
      Object {
        "page-author": "Julien",
        "post-age": "-430 days",
      },
      Object {
        "dimension1": "guest",
        "dimension2": "julien",
        "dimension3": "page",
        "dimension4": "indonesia",
        "dimension5": "diving",
      },
    ],
  ],
  Array [
    "insert into matomo
        (idsite, idvisit, actions, country, region, city, operatingsystemname, devicemodel, devicebrand, visitduration, dayssincefirstvisit, visitortype, sitename, userid, serverdateprettyfirstaction, action_id, action_type, action_title, action_eventcategory, action_eventaction, action_eventname, action_eventvalue, action_timespent, action_timestamp, action_url, siteSearchKeyword, usercustomproperties, usercustomdimensions)
        values ($1, $2, $3, $4, $5, $6, $7, $8, $9, $10, $11, $12, $13, $14, $15, $16, $17, $18, $19, $20, $21, $22, $23, $24, $25, $26, $27, $28)
        ON CONFLICT DO NOTHING",
    Array [
      "42",
      123,
      "2",
      "Argentine",
      "Buenos Aires",
      "Buenos Aires",
      "Mac",
      "Générique Bureau",
      "Inconnu",
      "300",
      "23",
      "returningCustomer",
      "tests",
      "24",
      "2021-08-20T21:55:12.000Z",
      "123_1",
      "action",
      "Divezone Brand Diving Boots - Divezone Store",
      undefined,
      undefined,
      undefined,
      undefined,
      "2",
      "2021-08-20T21:30:25.000Z",
      "https://dive-shop.net/products/diving-boots/",
      undefined,
      Object {},
      Object {
        "dimension1": "guest",
        "dimension2": "julien",
        "dimension3": "page",
        "dimension4": "indonesia",
        "dimension5": "diving",
      },
    ],
  ],
  Array [
    "insert into matomo
        (idsite, idvisit, actions, country, region, city, operatingsystemname, devicemodel, devicebrand, visitduration, dayssincefirstvisit, visitortype, sitename, userid, serverdateprettyfirstaction, action_id, action_type, action_title, action_eventcategory, action_eventaction, action_eventname, action_eventvalue, action_timespent, action_timestamp, action_url, siteSearchKeyword, usercustomproperties, usercustomdimensions)
        values ($1, $2, $3, $4, $5, $6, $7, $8, $9, $10, $11, $12, $13, $14, $15, $16, $17, $18, $19, $20, $21, $22, $23, $24, $25, $26, $27, $28)
        ON CONFLICT DO NOTHING",
    Array [
      "42",
      123,
      "2",
      "Argentine",
      "Buenos Aires",
      "Buenos Aires",
      "Mac",
      "Générique Bureau",
      "Inconnu",
      "300",
      "23",
      "returningCustomer",
      "tests",
      "24",
      "2021-08-20T21:55:12.000Z",
      "123_2",
      "search",
      "Divezone Brand Diving Boots - Divezone Store",
      undefined,
      undefined,
      undefined,
      undefined,
      "2",
      "2021-08-20T21:30:22.000Z",
      "https://dive-shop.net/products/diving-boots/",
      "scuba",
      Object {},
      Object {
        "dimension1": "guest",
        "dimension2": "julien",
        "dimension3": "page",
        "dimension4": "indonesia",
        "dimension5": "diving",
      },
    ],
  ],
  Array [
    "insert into matomo
        (idsite, idvisit, actions, country, region, city, operatingsystemname, devicemodel, devicebrand, visitduration, dayssincefirstvisit, visitortype, sitename, userid, serverdateprettyfirstaction, action_id, action_type, action_title, action_eventcategory, action_eventaction, action_eventname, action_eventvalue, action_timespent, action_timestamp, action_url, siteSearchKeyword, usercustomproperties, usercustomdimensions)
        values ($1, $2, $3, $4, $5, $6, $7, $8, $9, $10, $11, $12, $13, $14, $15, $16, $17, $18, $19, $20, $21, $22, $23, $24, $25, $26, $27, $28)
        ON CONFLICT DO NOTHING",
    Array [
      "42",
      124,
      "2",
      "Argentine",
      "Buenos Aires",
      "Buenos Aires",
      "Mac",
      "Générique Bureau",
      "Inconnu",
      "300",
      "23",
      "returningCustomer",
      "tests",
      "24",
      "2021-08-20T21:55:12.000Z",
      "124_0",
      "event",
      "Evènement",
      "Ecommerce",
      "Cart change",
      "added - Basic Wetsuit",
      1,
      48,
      "2021-08-20T21:35:18.000Z",
      "https://dive-shop.net/products/basic-wetsuit/",
      undefined,
      Object {
        "page-author": "Julien",
        "post-age": "-430 days",
      },
      Object {
        "dimension1": "guest",
        "dimension2": "julien",
        "dimension3": "page",
        "dimension4": "indonesia",
        "dimension5": "diving",
      },
    ],
  ],
  Array [
    "insert into matomo
        (idsite, idvisit, actions, country, region, city, operatingsystemname, devicemodel, devicebrand, visitduration, dayssincefirstvisit, visitortype, sitename, userid, serverdateprettyfirstaction, action_id, action_type, action_title, action_eventcategory, action_eventaction, action_eventname, action_eventvalue, action_timespent, action_timestamp, action_url, siteSearchKeyword, usercustomproperties, usercustomdimensions)
        values ($1, $2, $3, $4, $5, $6, $7, $8, $9, $10, $11, $12, $13, $14, $15, $16, $17, $18, $19, $20, $21, $22, $23, $24, $25, $26, $27, $28)
        ON CONFLICT DO NOTHING",
    Array [
      "42",
      124,
      "2",
      "Argentine",
      "Buenos Aires",
      "Buenos Aires",
      "Mac",
      "Générique Bureau",
      "Inconnu",
      "300",
      "23",
      "returningCustomer",
      "tests",
      "24",
      "2021-08-20T21:55:12.000Z",
      "124_1",
      "action",
      "Divezone Brand Diving Boots - Divezone Store",
      undefined,
      undefined,
      undefined,
      undefined,
      "2",
      "2021-08-20T21:30:25.000Z",
      "https://dive-shop.net/products/diving-boots/",
      undefined,
      Object {},
      Object {
        "dimension1": "guest",
        "dimension2": "julien",
        "dimension3": "page",
        "dimension4": "indonesia",
        "dimension5": "diving",
      },
    ],
  ],
  Array [
    "insert into matomo
        (idsite, idvisit, actions, country, region, city, operatingsystemname, devicemodel, devicebrand, visitduration, dayssincefirstvisit, visitortype, sitename, userid, serverdateprettyfirstaction, action_id, action_type, action_title, action_eventcategory, action_eventaction, action_eventname, action_eventvalue, action_timespent, action_timestamp, action_url, siteSearchKeyword, usercustomproperties, usercustomdimensions)
        values ($1, $2, $3, $4, $5, $6, $7, $8, $9, $10, $11, $12, $13, $14, $15, $16, $17, $18, $19, $20, $21, $22, $23, $24, $25, $26, $27, $28)
        ON CONFLICT DO NOTHING",
    Array [
      "42",
      124,
      "2",
      "Argentine",
      "Buenos Aires",
      "Buenos Aires",
      "Mac",
      "Générique Bureau",
      "Inconnu",
      "300",
      "23",
      "returningCustomer",
      "tests",
      "24",
      "2021-08-20T21:55:12.000Z",
      "124_2",
      "search",
      "Divezone Brand Diving Boots - Divezone Store",
      undefined,
      undefined,
      undefined,
      undefined,
      "2",
      "2021-08-20T21:30:22.000Z",
      "https://dive-shop.net/products/diving-boots/",
      "scuba",
      Object {},
      Object {
        "dimension1": "guest",
        "dimension2": "julien",
        "dimension3": "page",
        "dimension4": "indonesia",
        "dimension5": "diving",
      },
    ],
  ],
]
`;
